MPLINK 5.09, LINKER
Linker Map File - Created Sat Nov 16 17:05:15 2019

                                 Section Info
                  Section       Type    Address   Location Size(Bytes)
                ---------  ---------  ---------  ---------  ---------
                 RES_VECT       code   0x000000    program   0x000004
                   .cinit    romdata   0x000004    program   0x000002
                MAIN_PROG       code   0x000006    program   0x0001a8



                              Program Memory Usage 
                               Start         End      
                           ---------   ---------      
                            0x000000    0x0001ad      
            430 out of 66584 program addresses used, program memory utilization is 0%



                              Symbols - Sorted by Name
                     Name    Address   Location    Storage File                     
                ---------  ---------  ---------  --------- ---------                
             BLACK_CHECK0   0x00009c    program     static C:\Users\BamBam\MPLABXProjects\mastermind\main.asm
             BLACK_CHECK1   0x00008e    program     static C:\Users\BamBam\MPLABXProjects\mastermind\main.asm
             BLACK_CHECK2   0x000080    program     static C:\Users\BamBam\MPLABXProjects\mastermind\main.asm
             BLACK_CHECK3   0x000072    program     static C:\Users\BamBam\MPLABXProjects\mastermind\main.asm
                 FEEDBACK   0x000016    program     static C:\Users\BamBam\MPLABXProjects\mastermind\main.asm
             FEEDBACK_END   0x0001aa    program     static C:\Users\BamBam\MPLABXProjects\mastermind\main.asm
                      RNG   0x000016    program     static C:\Users\BamBam\MPLABXProjects\mastermind\main.asm
                    START   0x000006    program     static C:\Users\BamBam\MPLABXProjects\mastermind\main.asm
             WHITE_CHECK0   0x00016a    program     static C:\Users\BamBam\MPLABXProjects\mastermind\main.asm
           WHITE_CHECK0_1   0x00019a    program     static C:\Users\BamBam\MPLABXProjects\mastermind\main.asm
           WHITE_CHECK0_2   0x000186    program     static C:\Users\BamBam\MPLABXProjects\mastermind\main.asm
             WHITE_CHECK1   0x00012a    program     static C:\Users\BamBam\MPLABXProjects\mastermind\main.asm
           WHITE_CHECK1_0   0x00015a    program     static C:\Users\BamBam\MPLABXProjects\mastermind\main.asm
           WHITE_CHECK1_2   0x000146    program     static C:\Users\BamBam\MPLABXProjects\mastermind\main.asm
             WHITE_CHECK2   0x0000ea    program     static C:\Users\BamBam\MPLABXProjects\mastermind\main.asm
           WHITE_CHECK2_0   0x00011a    program     static C:\Users\BamBam\MPLABXProjects\mastermind\main.asm
           WHITE_CHECK2_1   0x000106    program     static C:\Users\BamBam\MPLABXProjects\mastermind\main.asm
             WHITE_CHECK3   0x0000aa    program     static C:\Users\BamBam\MPLABXProjects\mastermind\main.asm
           WHITE_CHECK3_0   0x0000da    program     static C:\Users\BamBam\MPLABXProjects\mastermind\main.asm
           WHITE_CHECK3_1   0x0000c6    program     static C:\Users\BamBam\MPLABXProjects\mastermind\main.asm
          _MAIN_PROG_01A4   0x0001aa    program     static C:\Users\BamBam\MPLABXProjects\mastermind\main.asm



                              Symbols - Sorted by Address
                     Name    Address   Location    Storage File                     
                ---------  ---------  ---------  --------- ---------                
                    START   0x000006    program     static C:\Users\BamBam\MPLABXProjects\mastermind\main.asm
                 FEEDBACK   0x000016    program     static C:\Users\BamBam\MPLABXProjects\mastermind\main.asm
                      RNG   0x000016    program     static C:\Users\BamBam\MPLABXProjects\mastermind\main.asm
             BLACK_CHECK3   0x000072    program     static C:\Users\BamBam\MPLABXProjects\mastermind\main.asm
             BLACK_CHECK2   0x000080    program     static C:\Users\BamBam\MPLABXProjects\mastermind\main.asm
             BLACK_CHECK1   0x00008e    program     static C:\Users\BamBam\MPLABXProjects\mastermind\main.asm
             BLACK_CHECK0   0x00009c    program     static C:\Users\BamBam\MPLABXProjects\mastermind\main.asm
             WHITE_CHECK3   0x0000aa    program     static C:\Users\BamBam\MPLABXProjects\mastermind\main.asm
           WHITE_CHECK3_1   0x0000c6    program     static C:\Users\BamBam\MPLABXProjects\mastermind\main.asm
           WHITE_CHECK3_0   0x0000da    program     static C:\Users\BamBam\MPLABXProjects\mastermind\main.asm
             WHITE_CHECK2   0x0000ea    program     static C:\Users\BamBam\MPLABXProjects\mastermind\main.asm
           WHITE_CHECK2_1   0x000106    program     static C:\Users\BamBam\MPLABXProjects\mastermind\main.asm
           WHITE_CHECK2_0   0x00011a    program     static C:\Users\BamBam\MPLABXProjects\mastermind\main.asm
             WHITE_CHECK1   0x00012a    program     static C:\Users\BamBam\MPLABXProjects\mastermind\main.asm
           WHITE_CHECK1_2   0x000146    program     static C:\Users\BamBam\MPLABXProjects\mastermind\main.asm
           WHITE_CHECK1_0   0x00015a    program     static C:\Users\BamBam\MPLABXProjects\mastermind\main.asm
             WHITE_CHECK0   0x00016a    program     static C:\Users\BamBam\MPLABXProjects\mastermind\main.asm
           WHITE_CHECK0_2   0x000186    program     static C:\Users\BamBam\MPLABXProjects\mastermind\main.asm
           WHITE_CHECK0_1   0x00019a    program     static C:\Users\BamBam\MPLABXProjects\mastermind\main.asm
             FEEDBACK_END   0x0001aa    program     static C:\Users\BamBam\MPLABXProjects\mastermind\main.asm
          _MAIN_PROG_01A4   0x0001aa    program     static C:\Users\BamBam\MPLABXProjects\mastermind\main.asm


